// Jest Snapshot v1, https://goo.gl/fbAQLP

exports[`Author render should render usual Author 1`] = `
ShallowWrapper {
  "complexSelector": ComplexSelector {
    "buildPredicate": [Function],
    "childrenOfNode": [Function],
    "findWhereUnwrapped": [Function],
  },
  "length": 1,
  "node": <div
    className="blog-list__item-author"
>
    <Link
        className="blog-list__item-author-link"
        onlyActiveOnIndex={false}
        style={Object {}}
        to="/posts/1"
    >
        Ignat
    </Link>
</div>,
  "nodes": Array [
    <div
      className="blog-list__item-author"
>
      <Link
            className="blog-list__item-author-link"
            onlyActiveOnIndex={false}
            style={Object {}}
            to="/posts/1"
      >
            Ignat
      </Link>
</div>,
  ],
  "options": Object {},
  "renderer": ReactShallowRenderer {
    "_instance": ShallowComponentWrapper {
      "_calledComponentWillUnmount": false,
      "_compositeType": 2,
      "_context": Object {},
      "_currentElement": <Author
        author="Ignat"
        id={1}
/>,
      "_debugID": 7,
      "_hostContainerInfo": null,
      "_hostParent": null,
      "_instance": StatelessComponent {
        "_reactInternalInstance": [Circular],
        "context": Object {},
        "props": Object {
          "author": "Ignat",
          "id": 1,
        },
        "refs": Object {},
        "state": null,
        "updater": Object {
          "enqueueCallback": [Function],
          "enqueueCallbackInternal": [Function],
          "enqueueElementInternal": [Function],
          "enqueueForceUpdate": [Function],
          "enqueueReplaceState": [Function],
          "enqueueSetState": [Function],
          "isMounted": [Function],
          "validateCallback": [Function],
        },
      },
      "_mountOrder": 2,
      "_pendingCallbacks": null,
      "_pendingElement": null,
      "_pendingForceUpdate": false,
      "_pendingReplaceState": false,
      "_pendingStateQueue": null,
      "_renderedComponent": NoopInternalComponent {
        "_currentElement": <div
          className="blog-list__item-author"
>
          <Link
                    className="blog-list__item-author-link"
                    onlyActiveOnIndex={false}
                    style={Object {}}
                    to="/posts/1"
          >
                    Ignat
          </Link>
</div>,
        "_debugID": 8,
        "_renderedOutput": <div
          className="blog-list__item-author"
>
          <Link
                    className="blog-list__item-author-link"
                    onlyActiveOnIndex={false}
                    style={Object {}}
                    to="/posts/1"
          >
                    Ignat
          </Link>
</div>,
      },
      "_renderedNodeType": 0,
      "_rootNodeID": 0,
      "_topLevelWrapper": null,
      "_updateBatchNumber": null,
      "_warnedAboutRefsInRender": false,
    },
    "getRenderOutput": [Function],
    "render": [Function],
  },
  "root": [Circular],
  "unrendered": <Author
    author="Ignat"
    id={1}
/>,
}
`;
